../Core/Src/main.c:152:6:HAL_GPIO_EXTI_Callback	16	static
../Core/Src/main.c:161:6:Timer10sCallback	16	static
../Core/Src/main.c:188:5:main	8	static
../Core/Src/main.c:298:6:SystemClock_Config	96	static
../Core/Src/main.c:359:13:MX_DFSDM1_Init	8	static
../Core/Src/main.c:397:13:MX_I2C2_Init	8	static
../Core/Src/main.c:445:13:MX_QUADSPI_Init	8	static
../Core/Src/main.c:478:13:MX_SPI3_Init	8	static
../Core/Src/main.c:518:13:MX_USART1_UART_Init	8	static
../Core/Src/main.c:553:13:MX_USART3_UART_Init	8	static
../Core/Src/main.c:588:13:MX_USB_OTG_FS_PCD_Init	8	static
../Core/Src/main.c:623:13:MX_GPIO_Init	48	static
../Core/Src/main.c:866:6:StartTask1	40	static
../Core/Src/main.c:905:6:StartTask2	24	static
../Core/Src/main.c:924:6:StartTask3	24	static
../Core/Src/main.c:975:6:Error_Handler	4	static,ignoring_inline_asm
